<project name="task2.snap" app="Snap! 7, https://snap.berkeley.edu" version="2"><notes></notes><thumbnail>data:image/png;base64,iVBORw0KGgoAAAANSUhEUgAAAKAAAAB4CAYAAAB1ovlvAAAAAXNSR0IArs4c6QAABU5JREFUeF7tnD2IlFcUho8gpFlBTBBJY6MmXZpAgpgilSimyZ9DmjSbIoVbpEllGDC2FivYaCOILBjSpJCtbEJIGysTi5AiYdkkIuyihBA27A7oqjPuve/cve9Rn+mWvee8c57v2fPNMMzuWFtbWwseEDAR2IGAJvLEbhBAQESwEkBAK37CERAHrAQQ0IqfcATEASsBBLTiJxwBccBKAAGt+AlHQBywEkBAK37CERAHrAQQ0IqfcATEASsBBLTiJxwBccBKAAGt+AnPK+D8YsTBfVyhFgRuL0XMHW3RqXmPvAJe/yni2BvNB34hGyZmiYAvgpEIKFzlxNCEabwliVmyAb1q9ElHQIFzYmjCNN6SxCzZgF41+qQjoMA5MTRhGm9JYpZsQK8afdIRUOCcGJowjbckMUs2oFeNPukIKHBODE2YxluSmCUb0KtGn3QEFDgnhiZM4y1JzJIN6FWjTzoCCpwTQxOm8ZYkZskG9KrRJx0BBc6JoQnTeEsSs2QDetXok46AAufE0IRpvCWJWbIBvWr0SUdAgXNiaMI03pLELNmAXjX6pCOgwDkxNGEab0lilmxArxp90hFQ4JwYmjCNtyQxSzagV40+6QgocE4MTZjGW5KYJRvQq0afdAQUOCeGJkzjLUnMkg3oVaNPOgIKnJ3Qht9EvLxLeNJPKfl7JWL4Yduepd2cLLd4jmzAcYDOL0acavz/9LajJwKWEhDOOf9qt0OW7ehZitXJkg1YepU2nZsgy525i7Fn/jOhYUQg4Fhu3IILb8HLy8ux9+vrsXD4pRgMBvUSIiACFlvzmCzr8g2Hw7iw861Ri7MfR/z73+R2e2ae/B0CIqAk4NzlJ8q++HUxzn13dXK7O6sRj0uIgAgoCRgRCwsLMfjhn0fL5z9FwGKgkw/yGrDwNWDcvRefDAZx9dAHGxXf/n4z3j924mH1b39FnPlo9DMbsFhNBCwVcJNU54/PxqkD78TKV+/Frlt/Ruyeifjxl4jZdxGwWL3RQQQUBIxLN2Ll5Jtx/8srsffC5xHf/xxx6w8ErJQPAScBG/eGYfNt9dKNiNdfjTjy2qgDAgrqsQEnQysR8O1DEXdXRz24BSOgTEC5BZ++FrH/lUcreRMiXQJeAyoCboWad8FbEXrwewREwGJZtuMgApYKuH5ufbOVPPgoroTSxhkErBGwGOuYg3wUN5YeAiLgNH9WU9ciIAJOLdE0DRAQAafxZ+paBByHkC8lTS1WaQMELCX1LJ/jOyHC1UsMTZjGW5KYJRvQq0afdAQUOCeGJkzjLUnMkg3oVaNPOgIKnBNDE6bxliRmyQb0qtEnHQEFzomhCdN4SxKzZAN61eiTjoAC58TQhGm8JYlZsgG9avRJR0CBc2JowjTeksQs2YBeNfqkI6DAOTE0YRpvSWKWbECvGn3SEVDgnBiaMI23JDFLNqBXjT7pCChwTgxNmMZbkpglG9CrRp90BBQ4J4YmTOMtScySDehVo086AgqcE0MTpvGWJGbJBvSq0ScdAQXOiaEJ03hLErNkA3rV6JOOgALnxNCEabwliVmyAb1q9ElHQIFzYmjCNN6SxCzZgF41+qQjoMA5MTRhGm9JYpZ5N+D8YsTBfd4L97yk316KmDuacpq8AqbExZNqTQABWxOlXxUBBKzCxeHWBBCwNVH6VRFAwCpcHG5NAAFbE6VfFQEErMLF4dYEELA1UfpVEUDAKlwcbk0AAVsTpV8VAQSswsXh1gQQsDVR+lURQMAqXBxuTQABWxOlXxUBBKzCxeHWBBCwNVH6VRFAwCpcHG5NAAFbE6VfFYH/AaPm8cY8Qd4hAAAAAElFTkSuQmCC</thumbnail><scenes select="1"><scene name="task2.snap"><notes></notes><hidden></hidden><headers></headers><code></code><blocks><block-definition s="create %&apos;length&apos; %&apos;amount&apos;" type="command" category="control"><header></header><code></code><translations></translations><inputs><input type="%s">1</input><input type="%s">1</input></inputs><script><block s="doIfElse"><block s="reportGreaterThan"><block var="amount"/><l>0</l></block><script><custom-block s="square %s"><block var="length"/></custom-block><custom-block s="create %s %s"><block s="reportQuotient"><block var="length"/><l>2</l></block><block s="reportDifference"><block var="amount"/><l>1</l></block></custom-block></script><script><block s="doStopThis"><l><option>all</option></l></block></script></block></script></block-definition><block-definition s="square %&apos;length&apos;" type="command" category="pen"><header></header><code></code><translations></translations><inputs><input type="%s">1</input></inputs><script><block s="setHeading"><l>315</l></block><block s="forward"><block s="reportQuotient"><custom-block s="hypot %s"><block var="length"/></custom-block><l>2</l></block></block><block s="setHeading"><l>90</l></block><block s="down"></block><block s="doRepeat"><l>4</l><script><block s="forward"><block var="length"/></block><block s="turn"><l>90</l></block></script></block><block s="up"></block><block s="setHeading"><l>135</l></block><block s="forward"><block s="reportQuotient"><custom-block s="hypot %s"><block var="length"/></custom-block><l>2</l></block></block></script></block-definition><block-definition s="hypot %&apos;length&apos;" type="reporter" category="operators"><header></header><code></code><translations></translations><inputs><input type="%s">1</input></inputs><script><block s="doReport"><block s="reportMonadic"><l><option>sqrt</option></l><block s="reportVariadicSum"><list><block s="reportPower"><block var="length"/><l>2</l></block><block s="reportPower"><block var="length"/><l>2</l></block></list></block></block></block></script></block-definition></blocks><stage name="Stage" width="480" height="360" costume="0" color="255,255,255,1" tempo="60" threadsafe="false" penlog="false" volume="100" pan="0" lines="round" ternary="false" hyperops="true" codify="false" inheritance="true" sublistIDs="false" id="79"><pentrails>data:image/png;base64,iVBORw0KGgoAAAANSUhEUgAAAeAAAAFoCAYAAACPNyggAAAAAXNSR0IArs4c6QAAG9FJREFUeF7t3T+sJ1d5xvGZNS1u6CwKKKBxEQqkSBTBThUpTVID8t0uKLsr+hS2i/Ro70ak27WAOmkiUWGTAikSBSnSQGEK5I7GtHgnWmPjBNsw99zfzDnnfT40QcrMnHm/z/POl7t/7HXxHwQQQAABBBA4ncB6+okORAABBBBAAIGFgJUAAQQQQACBDgQIuAN0RyKAAAIIIEDAOoAAAggggEAHAgTcAbojEUAAAQQQIGAdQAABBBBAoAMBAu4A3ZEIIIAAAggQsA4ggAACCCDQgQABd4DuSAQQQAABBAhYBxBAAAEEEOhAgIA7QHckAggggAACBKwDCCCAAAIIdCBAwB2gOxIBBBBAAAEC1gEEEEAAAQQ6ECDgDtAdiQACCCCAAAHrAAIIIIAAAh0IEHAH6I5EAAEEEECAgHUAAQQQQACBDgQIuAN0RyKAAAIIIEDAOoAAAggggEAHAgTcAbojEUAAAQQQIGAdQAABBBBAoAMBAu4A3ZEIIIAAAggQsA4ggAACCCDQgQABd4DuSAQQQAABBAhYBxBAAAEEEOhAgIA7QHckAggggAACBKwDCCCAAAIIdCBAwB2gOxIBBBBAAAEC1gEEEEAAAQQ6ECDgDtAdiQACCCCAAAHrAAIIIIAAAh0IEHAH6I5EAAEEEECAgHUAAQQQQACBDgQIuAN0RyKAAAIIIEDAOoAAAggggEAHAgTcAbojEUAAAQQQIGAdQAABBBBAoAMBAu4A3ZEIIIAAAggQsA4ggAACCCDQgQABd4DuSAQQQAABBAhYBxBAAAEEEOhAgIA7QHckAggggAACBKwDCCCAAAIIdCBAwB2gOxIBBBBAAAEC1gEEEEAAAQQ6ECDgDtAdiQACCCCAAAHrAAIIIIAAAh0IEHAH6I5EAAEEEECAgHUAAQQQQACBDgQIuAN0RyKAAAIIIEDAOoAAAggggEAHAgTcAbojEUAAAQQQIOAiHdgePH5tebp8aVnu/KLISMZAAIGPEXj65eXO8sv14d3XwJmfAAHPn+H7E2z33vjhsmwvLMv6VpGRjIEAAh8jsL20LOs766NXvgHO/AQIeP4MPxTwq8/+y/roldeLjGQMBBD4IwLbvTfseaFWEHCRMC1mkSCNgcCfIGDPa9WDgIvkaTGLBGkMBAg4pgMEXCRqAi4SpDEQIOCYDhBwkagJuEiQxkCAgGM6QMBFoibgIkEaAwECjukAAReJmoCLBGkMBAg4pgMEXCRqAi4SpDEQIOCYDhBwkagJuEiQxkCAgGM6QMBFoibgIkEaAwECjukAAReJmoCLBGkMBAg4pgMEXCRqAi4SpDEQIOCYDhBwkagJuEiQxkCAgGM6QMBFoibgIkEaAwECjukAAReJmoCLBGkMBAg4pgMEXCRqAi4SpDEQIOCYDhBwkagJuEiQxkCAgGM6QMBFoibgIkEaAwECjukAAReJmoCLBGkMBAg4pgMEXCRqAi4SpDEQIOCYDhBwkagJuEiQxkCAgGM6QMBFoibgIkEaAwECjukAAReJmoCLBGkMBAg4pgMEXCRqAi4SpDEQIOCYDhBwkagJuEiQxkCAgGM6QMBFoibgIkEaAwECjukAAReJmoCLBGkMBAg4pgMEXCRqAi4SpDEQIOCYDhBwkagJuEiQxkCAgGM6QMBFoibgIkEaAwECjukAAReJmoCLBGkMBAg4pgMEXCRqAi4SpDEQIOCYDhBwkagJuEiQxkCAgGM6QMBFoibgIkEaAwECjukAAReJmoCLBGkMBAg4pgMEXCRqAi4SpDEQIOCYDhBwkagJuEiQxkCAgGM6QMBFoibgIkEaAwECjukAAReJmoCLBGkMBAg4pgMEXCRqAi4SpDEQIOCYDhBwkagJuEiQxkCAgGM6QMBFoibgIkEaAwECjukAAReJmoCLBGkMBAg4pgMEXCRqAi4SpDEQIOCYDhBwkagJuEiQxkCAgGM6QMBFoibgIkEaAwECjukAAReJmoCLBGkMBAg4pgMEXCRqAi4SpDEQIOCYDhBwkagJuEiQxkCAgGM6QMBFoibgIkEaAwECjukAAReJmoCLBGkMBAg4pgMEXCRqAi4SpDEQIOCYDhBwkagJuEiQxkCAgGM6QMBFoibgIkEaAwECjukAAReJmoCLBGkMBAg4pgMEXCRqAi4SpDEQIOCYDhBwkagJuEiQxkCAgGM6QMBFoibgIkEaAwECjukAAReJmoCLBGkMBAg4pgMEXCRqAi4SpDEQIOCYDhBwkagJuEiQxkCAgGM6QMBFok4W8Hb/yVYkRmPcgMB6fRX3/Ure8xtUY5pL4wo8TTI3fNHkxXwm4MSP8Q0rUury1MyT97xUgT8YhoCLpJq8mKkf4yLVbRojNfPkPW8qyuA3EfDgAe19veTFTP0Y7+1GxetSM0/e84o9JuAiqSYvZurHuEh1m8ZIzTx5z5uKMvhNBDx4QHtfL3kxUz/Ge7tR8brUzJP3vGKPCbhIqsmLmfoxLlLdpjFSM0/e86aiDH4TAQ8e0N7XS17M1I/x3m5UvC418+Q9r9hjAi6SavJipn6Mi1S3aYzUzJP3vKkog99EwIMHtPf1khcz9WO8txsVr0vNPHnPK/aYgIukmryYqR/jItVtGiM18+Q9byrK4DcR8OAB7X295MVM/Rjv7UbF61IzT97zij0m4CKpJi9m6se4SHWbxkjNPHnPm4oy+E0EPHhAe18veTFTP8Z7u1HxutTMk/e8Yo8JuEiqyYuZ+jEuUt2mMVIzT97zpqIMfhMBDx7Q3tdLXszUj/HeblS8LjXz5D2v2GMCLpJq8mKmfoyLVLdpjNTMk/e8qSiD30TAgwe09/WSFzP1Y7y3GxWvS808ec8r9piAi6SavJipH+Mi1W0aIzXz5D1vKsrgNxHw4AHtfb3kxUz9GO/tRsXrUjNP3vOKPSbgIqkmL2bqx7hIdZvGSM08ec+bijL4TQQ8eEB7Xy95MVM/xnu7UfG61MyT97xijwm4SKrJi5n6MS5S3aYxUjNP3vOmogx+EwEPHtDe10tezNSP8d5uVLwuNfPkPa/YYwIukmryYqZ+jItUt2mM1MyT97ypKIPfRMCDB7T39ZIXM/VjvLcbFa9LzTx5zyv2mICLpJq8mKkf4yLVbRojNfPkPW8qyuA3EfDgAe19veTFTP0Y7+1GxetSM0/e84o9JuAiqSYvZurHuEh1m8ZIzTx5z5uKMvhNBDx4QHtfL3kxUz/Ge7tR8brUzJP3vGKPCbhIqsmLmfoxLlLdpjFSM0/e86aiDH4TAQ8e0N7XS17Mnh/j7f7jt5d1/c2yLb/dm1WJ69bls8u2fW69vvvFHvP0zLzHvB+embznPbkfdTYBH0X25OcmL2bPj/H24MnPlve2Hyzr8vOTI+973LZ8ZXlu/eb68OqrPV6kZ+Y95iXgntSPO5uAj2N76pMJ+KpLl7f7T95ctu319dHdt04NvPNh273HLy3r+up6ffVyj1ch4Fde78HdmZcl0OWjddkRPO0ZAQIm4DM3gYDPpP3RWcl73of4sacS8LF8T3t68mL2/GnIT8B+Aj5tycP/h/aZnM86i4DPIn3wOQTsJ+CDK/b/Hu8n4DNp+wm4D+3jTyXg4xmfcgIBE/ApRfvgEAI+kzYB96F9/KkEfDzjU04gYAI+pWgEfCbmj52VvOddwR90OAEfBPbsxyYvpt8DPrttz/7Qnz8FfT717D9s2YP30WcS8NGET3o+AfsJ+KSqvX8MAZ9J2y9B96F9/KkEfDzjU04gYAI+pWh+CfpMzH4Juivt4w8n4OMZn3ICARPwKUUj4DMxE3BX2scfTsDHMz7lBAIm4FOKRsBnYibgrrSPP5yAj2d8ygkETMCnFI2Az8RMwF1pH384AR/P+JQTCJiATykaAZ+JmYC70j7+cAI+nvEpJxDwnALeHnz/a8ud371zSkn++JCnn3lhffitn7ac7U9Bt1C7/T3Je357euM9gYDHy6TpjZIXc9a/B/y+fLenP1mW7ddNod/6pvXzy3rn6y0SJuBbw296QPKeNwEb/CYCHjygva+XvJjTCvg7j7+wvLe+uV5f9fqX2r+9PLe9vH737q/29uzD6wj4psQuc33ynl+G4FhPIeCx8mh+m+TFJOC22mz3nxBwG7pudyXveTfoBx5MwAfCPfPRyYtJwG1NI+A2bj3vSt7zntyPOpuAjyJ78nOTF5OA28pGwG3cet6VvOc9uR91NgEfRfbk5yYvJgG3lY2A27j1vCt5z3tyP+psAj6K7MnPTV5MAm4rGwG3cet5V/Ke9+R+1NkEfBTZk5+bvJhVBbzdf/j8sj5/f3m6/U9Tne6sLy7bu9fr9YN3P+l+Am6i2vWm5D3vCv6gwwn4ILBnPzZ5McsK+MGTf1qW9R+Xbfuvpj6t618uy/Yv68OrfybgJoLD3ZS858OFcYEXIuALQBzhEcmLWVbA9x7/3bKur6zXV3/f0rHt/pN/W7btjfXR3X8n4BaC492TvOfjpXH7NyLg2zMc4gnJi0nAn1xBAh5iNS/6Esl7flGQgzyMgAcJ4ravkbyYKQLevv39v10+897fLNun/J7wur64/O65H63f+9Z/POsTAd92q8a7P3nPx0vj9m9EwLdnOMQTkhczRsD3nlwvd5a/XpblPz+ldH+1PF1+vD66uk/AQ6zlxV8iec8vDnOABxLwACFc4hWSFzNHwI//Ybmz/sX68Orbn/h7ug+efG95uv33+ujuvxLwJbZqvGck7/l4adz+jQj49gyHeELyYhLw7yu4EfAQu3jkSyTv+ZFcez2bgHuRv/C5yYtJwAR84XUa9nHJez5sKLd4MQK+BbyRbk1eTAIm4JF28ch3Sd7zI7n2ejYB9yJ/4XOTF5OACfjC6zTs45L3fNhQbvFiBHwLeCPdmryYBEzAI+3ike+SvOdHcu31bALuRf7C5yYvZo6Ad/w1pG358XrtryFdeL2GeVzyng8TwgVfhIAvCLPno5IXM0bAf+4fxLGsLy7v+Qdx9NzDo89O3vOj2fZ4PgH3oH7AmcmLmSLgm9bGPwnrpsTGvz55z8dP5+ZvSMA3ZzbkHcmLScCfXEkCHnJVb/VSyXt+K3CD3kzAgwZz09dKXsyyAvavI/zUNeiZ+U1385LXJ+/5JTmO8iwCHiWJW75H8mL2/Bhv95+8uWzb6+uju2/dNMLtO4+/sLy3vrleX33xk+7d7j98flmfv788/ZR/+cKfO/DO+uKyvXu9Xj9495Of/+Tt5bnt5fW7d3/15x71x///7d7jl5Z1fXW9vnr5pvde4vqemV/i/VufkbznrcxGvo+AR07nBu+WvJg9P8ZHCvgG8Tddut0n4CZwHW9K3vOO2A87moAPQ3vug5MXk4DbukbAbdx63pW85z25H3U2AR9F9uTnJi8mAbeVjYDbuPW8K3nPe3I/6mwCPorsyc9NXkwCbisbAbdx63lX8p735H7U2QR8FNmTn5u8mATcVjYCbuPW867kPe/J/aizCfgosic/N3kxCbitbATcxq3nXcl73pP7UWcT8FFkT35u8mJOK+AH3//asj39ybJsvz65Lh8ct35+We98fX34rZ/e9Hx/DemmxC5zffKeX4bgWE8h4LHyaH6b5MWcVcDPwt6eSfjO795pDv42Nz79zAst8n3/vf094NuQb743ec+boQ18IwEPHM5NXi15MWcW8E0yHulaAu6TRvKe9yF+7KkEfCzf056evJgEfFrN/nAQAZ/P/Pe/8vDGq8/+7/roldf7vIFTL0mAgC9Js+OzkheTgM8vHgGfz5yA+zA/8lQCPpLuic8m4KsuXb7NP4ryxHpc/CgCvjjSXQ9M3vNdgCa7qMtHazJGU7xu8mL6Cfj8ihLw+cz9BNyH+ZGnEvCRdE98NgH7CfjEuvlT0GfC/j9nJe95J+SHHkvAh+I97+HJi+kn4PN69uFJfgI+n7mfgPswP/JUAj6S7onPJmA/AZ9YNz8BnwnbT8CdaB9/LAEfz/iUEwiYgE8p2geH+An4TNofnZW8532IH3sqAR/L97SnJy+mX4I+rWZ/OIiAz2ful6D7MD/yVAI+ku6JzyZgPwGfWDe/BH0mbL8E3Yn28ccS8PGMTzmBgAn4lKL5JegzMX/srOQ97wr+oMMJ+CCwZz82eTH9EvTZbfMvYzif+O9PTN7zXsyPPJeAj6R74rOTF7OrgB88+dny3vaDZV1+fmLc/Y/alq8sz63fXB9efbXHy/TMvMe8H56ZvOc9uR91NgEfRfbk5yYvZs+P8Xb/8dvLuv5m2Zbfnhx53+PW5bPLtn1uvb77xR4v0jPzHvMScE/qx51NwMexPfXJBNzn94BPDdlhfyBAwP5tSBXWgYArpBj+e0OpH+Mi1W0aIzXz5P+h3VSUwW8i4MED2vt6yYuZ+jHe242K16VmnrznFXtMwEVSTV7M1I9xkeo2jZGaefKeNxVl8JsIePCA9r5e8mKmfoz3dqPidamZJ+95xR4TcJFUkxcz9WNcpLpNY6RmnrznTUUZ/CYCHjygva+XvJipH+O93ah4XWrmyXtesccEXCTV5MVM/RgXqW7TGKmZJ+95U1EGv4mABw9o7+slL2bqx3hvNypel5p58p5X7DEBF0k1eTFTP8ZFqts0RmrmyXveVJTBbyLgwQPa+3rJi5n6Md7bjYrXpWaevOcVe0zARVJNXszUj3GR6jaNkZp58p43FWXwmwh48ID2vl7yYqZ+jPd2o+J1qZkn73nFHhNwkVSTFzP1Y1ykuk1jpGaevOdNRRn8JgIePKC9r5e8mKkf473dqHhdaubJe16xxwRcJNXkxUz9GBepbtMYqZkn73lTUQa/iYAHD2jv6yUvZurHeG83Kl6XmnnynlfsMQEXSTV5MVM/xkWq2zRGaubJe95UlMFvIuDBA9r7esmLmfox3tuNitelZp685xV7TMBFUk1ezNSPcZHqNo2RmnnynjcVZfCbCHjwgPa+XvJipn6M93aj4nWpmSfvecUeE3CRVJMXM/VjXKS6TWOkZp68501FGfwmAh48oL2vl7yYqR/jvd2oeF1q5sl7XrHHBFwk1eTFTP0YF6lu0xipmSfveVNRBr+JgAcPaO/rJS9m6sd4bzcqXpeaefKeV+wxARdJNXkxUz/GRarbNEZq5sl73lSUwW8i4MED2vt6yYuZ+jHe242K16VmnrznFXtMwEVSTV7M1I9xkeo2jZGaefKeNxVl8JsIePCA9r5e8mKmfoz3dqPidamZJ+95xR4TcJFUkxcz9WNcpLpNY6RmnrznTUUZ/CYCHjygva+XvJjPPsZ7ObmuDoH1+iru+5W853Wa+9EkcQWuGOKzmSxm1WTNhcBHBOx5rTYQcJE8LWaRII2BwJ8gYM9r1YOAi+RpMYsEaQwECDimAwRcJGoCLhKkMRAg4JgOEHCRqAm4SJDGQICAYzpAwEWiJuAiQRoDAQKO6QABF4magIsEaQwECDimAwRcJGoCLhKkMRAg4JgOEHCRqAm4SJDGQICAYzpAwEWiJuAiQRoDAQKO6QABF4magIsEaQwECDimAwRcJGoCLhKkMRAg4JgOEHCRqAm4SJDGQICAYzpAwEWiJuAiQRoDAQKO6QABF4magIsEaQwECDimAwRcJGoCLhKkMRAg4JgOEHCRqAm4SJDGQICAYzpAwEWiJuAiQRoDAQKO6QABF4magIsEaQwECDimAwRcJGoCLhKkMRAg4JgOEHCRqAm4SJDGQICAYzpAwEWiJuAiQRoDAQKO6QABF4magIsEaQwECDimAwRcJGoCLhKkMRAg4JgOEHCRqAm4SJDGQICAYzpAwEWiJuAiQRoDAQKO6QABF4magIsEaQwECDimAwRcJGoCLhKkMRAg4JgOEHCRqAm4SJDGQICAYzpAwEWiJuAiQRoDAQKO6QABF4magIsEaQwECDimAwRcJGoCLhKkMRAg4JgOEHCRqAm4SJDGQICAYzpAwEWiJuAiQRoDAQKO6QABF4magIsEaQwECDimAwRcJGoCLhKkMRAg4JgOEHCRqAm4SJDGQICAYzpAwEWiJuAiQRoDAQKO6QABF4magIsEaQwECDimAwRcJGoCLhKkMRAg4JgOEHCRqAm4SJDGQICAYzpAwEWiJuAiQRoDAQKO6QABF4magIsEaQwECDimAwRcJGoCLhKkMRAg4JgOEHCRqAm4SJDGQICAYzpAwEWiJuAiQRoDAQKO6QABF4magIsEaQwECDimAwRcJGoCLhKkMRAg4JgOEHCRqAm4SJDGQICAYzpAwEWiJuAiQRoDAQKO6QABF4magIsEaQwECDimAwRcJGoCLhKkMRAg4JgOEHCRqAm4SJDGQICAYzpAwEWiJuAiQRoDAQKO6QABF4magIsEaQwECDimAwRcJGoCLhKkMRAg4JgOEHCRqAm4SJDGQICAYzpAwEWiJuAiQRoDAQKO6QABF4magIsEaQwECDimAwRcJGoCLhKkMRAg4JgOEHCRqAm4SJDGQICAYzpAwEWi3u698cNl2V5YlvWtIiMZAwEEPkZge2lZtnfWR3e/Ac78BAh4/gzfn2B78Pi15enypWW584siIxkDAQQ+TuDLy52nv1wf3n0NnPkJEPD8GZoAAQQQQGBCAgQ8YWheGQEEEEBgfgIEPH+GJkAAAQQQmJAAAU8YmldGAAEEEJifAAHPn6EJEEAAAQQmJEDAE4bmlRFAAAEE5idAwPNnaAIEEEAAgQkJEPCEoXllBBBAAIH5CRDw/BmaAAEEEEBgQgIEPGFoXhkBBBBAYH4CBDx/hiZAAAEEEJiQAAFPGJpXRgABBBCYnwABz5+hCRBAAAEEJiRAwBOG5pURQAABBOYnQMDzZ2gCBBBAAIEJCRDwhKF5ZQQQQACB+QkQ8PwZmgABBBBAYEICBDxhaF4ZAQQQQGB+AgQ8f4YmQAABBBCYkAABTxiaV0YAAQQQmJ8AAc+foQkQQAABBCYkQMAThuaVEUAAAQTmJ0DA82doAgQQQACBCQkQ8ISheWUEEEAAgfkJEPD8GZoAAQQQQGBCAgQ8YWheGQEEEEBgfgIEPH+GJkAAAQQQmJAAAU8YmldGAAEEEJifAAHPn6EJEEAAAQQmJEDAE4bmlRFAAAEE5idAwPNnaAIEEEAAgQkJEPCEoXllBBBAAIH5CRDw/BmaAAEEEEBgQgIEPGFoXhkBBBBAYH4CBDx/hiZAAAEEEJiQAAFPGJpXRgABBBCYnwABz5+hCRBAAAEEJiRAwBOG5pURQAABBOYnQMDzZ2gCBBBAAIEJCRDwhKF5ZQQQQACB+QkQ8PwZmgABBBBAYEICBDxhaF4ZAQQQQGB+AgQ8f4YmQAABBBCYkAABTxiaV0YAAQQQmJ8AAc+foQkQQAABBCYkQMAThuaVEUAAAQTmJ0DA82doAgQQQACBCQkQ8ISheWUEEEAAgfkJEPD8GZoAAQQQQGBCAgQ8YWheGQEEEEBgfgIEPH+GJkAAAQQQmJAAAU8YmldGAAEEEJifAAHPn6EJEEAAAQQmJEDAE4bmlRFAAAEE5ifwv4KdEWjOjusEAAAAAElFTkSuQmCC</pentrails><costumes><list struct="atomic" id="80"></list></costumes><sounds><list struct="atomic" id="81"></list></sounds><variables></variables><blocks></blocks><scripts></scripts><sprites select="1"><sprite name="Sprite" idx="1" x="0" y="0" heading="135" scale="1" volume="100" pan="0" rotation="1" draggable="true" costume="0" color="255,109,160,1" pen="tip" id="86"><costumes><list struct="atomic" id="87"></list></costumes><sounds><list struct="atomic" id="88"></list></sounds><blocks></blocks><variables></variables><scripts><script x="32" y="27.333333333333343"><block s="receiveGo"></block><block s="clear"></block><block s="gotoXY"><l>0</l><l>0</l></block><block s="setColor"><color>255,109,160,1</color></block><custom-block s="create %s %s"><l>250</l><l>6</l></custom-block></script></scripts></sprite></sprites></stage><variables></variables></scene></scenes></project>